mil un millones
mil un billones mil un millones
treinta y un millones
ciento treinta y un millones
mil treinta y un millones
diez mil treinta y un millones
cien mil treinta y un millones
un billón treinta y un millones
veintiún millones
ciento veintiún millones
mil veintiún millones
diez mil veintiún millones
cien mil veintiún millones
un billón veintiún millones
doscientos treinta y un mil doscientos treinta y uno
quinientos treinta y un mil quinientos treinta y uno
