un leu românesc
un leu românesc zece bani
un leu românesc zece bani
